// Jest Snapshot v1, https://goo.gl/fbAQLP

exports[`PostTemplate renders correctly 1`] = `
<div
  className="layout"
>
  <div
    className="post"
  >
    <a
      className="post__home-button"
      href="/"
    >
      記事一覧へ
    </a>
    <div
      className="post__content"
    >
      <div
        className="content"
      >
        <h1
          className="content__title"
        >
          test
        </h1>
        <div
          className="content__body"
          dangerouslySetInnerHTML={
            Object {
              "__html": "<p>test</p>",
            }
          }
        />
        <div
          className="content__body"
        >
          <p>
            Happy Coding 🎉
          </p>
        </div>
      </div>
    </div>
    <div
      className="post__footer"
    >
      <div
        className="meta"
      >
        <p
          className="meta__date"
        >
          公開日: 
          2016-09-01
        </p>
      </div>
      <div
        className="tags"
      >
        <ul
          className="tags__list"
        >
          <li
            className="tags__list-item"
          >
            <a
              className="tags__list-item-link"
              href="/test_0"
            >
              test_0
            </a>
          </li>
          <li
            className="tags__list-item"
          >
            <a
              className="tags__list-item-link"
              href="/test_1"
            >
              test_1
            </a>
          </li>
        </ul>
      </div>
      <div>
        <div
          className="author"
        >
          <div
            className="author__photo"
          >
            <img
              alt="Test name"
              className="author__photo-image"
              height="75"
              src="/test.jpg"
              width="75"
            />
          </div>
          <p
            className="author__bio"
          >
            <strong>
              プログラミングをするパンダ
            </strong>
            <br />
            Test bio
            <div
              className="author__bio-twitter"
            >
              Twitter:
               
              <a
                href="https://www.twitter.com/#"
                rel="noopener noreferrer"
                target="_blank"
              >
                <strong>
                  @Panda_Program
                </strong>
              </a>
            </div>
          </p>
        </div>
      </div>
      <a
        className="post__home-button"
        href="/"
      >
        記事一覧へ
      </a>
    </div>
    <div
      className="post__comments"
    />
  </div>
</div>
`;
