// Jest Snapshot v1, https://goo.gl/fbAQLP

exports[`Author renders correctly 1`] = `
<div
  className="author"
>
  <div
    className="author__photo"
  >
    <img
      alt="string"
      className="author__photo-image"
      height="75"
      src="string"
      width="75"
    />
  </div>
  <div
    className="author__bio"
  >
    <div
      className="author__bio-description"
    >
      <span
        className="author__bio-name"
      >
        プログラミングをするパンダ
      </span>
      <div
        className="author__bio-twitter"
      >
        Twitter:
         
        <a
          href="https://www.twitter.com/string"
          rel="noopener noreferrer"
          target="_blank"
        >
          <span
            className="author__bio-twitter__name"
          >
            @Panda_Program
          </span>
        </a>
      </div>
    </div>
    string
  </div>
</div>
`;
